../Core/Src/main.c:76:5:main	8	static
../Core/Src/main.c:135:6:SystemClock_Config	88	static
../Core/Src/main.c:180:13:MX_NVIC_Init	8	static
../Core/Src/main.c:201:13:MX_ADC1_Init	24	static
../Core/Src/main.c:253:13:MX_TIM2_Init	32	static
../Core/Src/main.c:298:13:MX_TIM4_Init	32	static
../Core/Src/main.c:343:13:MX_TIM5_Init	32	static
../Core/Src/main.c:388:13:MX_GPIO_Init	40	static
../Core/Src/main.c:414:6:HAL_TIM_IC_CaptureCallback	16	static
../Core/Src/main.c:446:6:Error_Handler	4	static,ignoring_inline_asm
