../Core/Src/main.c:75:6:HAL_GPIO_EXTI_Callback	24	static
../Core/Src/main.c:124:5:main	8	static
../Core/Src/main.c:187:6:SystemClock_Config	88	static
../Core/Src/main.c:233:13:MX_NVIC_Init	8	static
../Core/Src/main.c:260:13:MX_TIM2_Init	32	static
../Core/Src/main.c:305:13:MX_TIM3_Init	32	static
../Core/Src/main.c:350:13:MX_USART2_UART_Init	8	static
../Core/Src/main.c:383:13:MX_USART3_UART_Init	8	static
../Core/Src/main.c:416:13:MX_USART6_UART_Init	8	static
../Core/Src/main.c:449:13:MX_GPIO_Init	48	static
../Core/Src/main.c:492:6:Error_Handler	4	static,ignoring_inline_asm
